type TT = INTEGER;
var A : array [const 1..const 10] of array [const 1..const 20] of REAL;
var B : array [const 1..const 10] of array [const 1..const 20] of REAL;
var I : TT;
var J : TT;

:=       
|        
|___[]   
|   |    
|   |___A
|   |    
|   |___I
|        
|___[]   
    |    
    |___B
    |    
    |___J
