type TREC = record 
    var X : INTEGER;
    var Y : REAL;
end;
var ARR : array [const 1..const 10] of TREC;
var X : INTEGER;

:=             
|              
|___.          
|   |          
|   |___[]     
|   |   |      
|   |   |___ARR
|   |   |      
|   |   |___X  
|   |          
|   |___Y      
|              
|___1234.5     
