var I : INTEGER;
var J : INTEGER;

begin            
|                
|___if           
|   |            
|   |___>        
|   |   |        
|   |   |___I    
|   |   |        
|   |   |___J    
|   |            
|   then         
|   |            
|   |___begin    
|   |   |        
|   |   |___:=   
|   |   |   |    
|   |   |   |___I
|   |   |   |    
|   |   |   |___J
|   |   |        
|   |   end      
|   |            
|   else         
|   |            
|   |___begin    
|       |        
|       |___:=   
|       |   |    
|       |   |___J
|       |   |    
|       |   |___I
|       |        
|       end      
|                
end              
