var I : INTEGER;
var J : INTEGER;

begin            
|                
|___while        
|   |            
|   |___<        
|   |   |        
|   |   |___I    
|   |   |        
|   |   |___J    
|   |            
|   do           
|   |            
|   |___begin    
|       |        
|       |___:=   
|       |   |    
|       |   |___J
|       |   |    
|       |   |___5
|       |        
|       end      
|                
end              
